1
291
1
429
1
866
1881
935
373
531
1230
189
982
1307
1522
1138
879
1656
1302
164
1630
1870
1923
1825
1779
1287
1128
623
1817
487
885
1
879
1
879
1029
879
1625
800
1
873
879
879
1655
917
903
352
222
1444
1716
39
1472
1
336
1780
893
43
1
1892
807
650
1541
1805
1895
686
879
1654
1045
44
1325
1
1922
1
1815
861
150
915
366
918
1140
1
1179
245
178
262
1011
1692
879
538
318
126
1098
907
368
1178
1269
134
879
908
1523
879
234
1
879
398
879
270
750
157
714
1839
1264
201
1667
879
1459
1081
1451
1102
1
1265
1
1707
29
353
1358
1906
961
879
742
396
1897
659
1829
485
1876
385
634
606
1
1040
708
633
1
1699
1070
1859
1260
340
506
1766
500
1
1512
1941
194
1082
859
1467
951
1
227
1384
1454
451
1341
553
1
879
66
130
850
899
1549
1251
1287
482
43
58
1760
28
879
1089
1603
361
396
1692
470
1336
1594
791
1847
1119
1
206
747
1960
764
503
879
1
714
1499
1
1938
418
772
667
842
1
1710
823
879
1115
1085
1275
1
572
229
1399
513
1437
159
1813
879
614
1
106
1685
1182
1416
1
937
1555
1880
623
879
879
1058
366
1501
1
1366
1404
554
1859
879
879
924
1841
1178
1
1510
879
1
1191
1905
879
879
1676
1553
99
836
422
1
903
1999
979
863
1221
279
1203
1147
820
794
516
1090
692
1867
202
1894
97
785
1976
338
1852
838
1205
1
1509
1
973
1104
1860
1488
1596
1072
879
1915
879
1
1615
330
1657
1386
1616
751
280
1206
879
1694
1895
1
1787
1199
585
879
244
163
1967
751
879
879
879
1065
879
647
738
1571
1007
276
1
610
1075
597
784
681
532
1
970
205
105
510
1994
575
1942
1210
1700
879
131
241
879
307
1
86
285
1
805
456
976
879
599
1081
152
566
1173
1642
1249
4
1
1
879
1099
1987
929
879
879
879
1670
1166
879
171
1334
1
297
301
1
539
590
473
879
508
1076
304
777
1047
101
928
1309
188
1
1600
467
1106
682
1
1872
220
1700
1814
1675
879
1
414
446
1981
1057
606
1
1483
1000
629
530
837
449
1365
333
879
1689
1296
1123
1112
1893
1
388
529
221
1475
129
866
1108
1501
1071
1
879
991
879
879
1947
1200
1210
735
1
724
1132
1649
47
1
768
1480
1586
1
489
1424
408
356
1179
1169
879
131
1934
1874
600
1398
879
332
544
1378
968
399
76
251
879
680
1793
879
749
879
1660
1621
1245
1443
1
1
1965
1010
1954
756
1427
529
1
850
1
1324
1
1
495
277
1134
83
1035
1394
388
15
1874
1
959
617
1
1540
1
430
1095
816
1
385
1778
697
149
261
879
857
487
455
661
1367
879
966
1458
1349
164
1746
1
2000
879
1950
879
509
3
560
1960
1536
1958
1456
3
287
879
690
333
452
1826
1
1458
755
1486
879
1531
1528
1780
100
1958
1438
1235
675
879
570
1924
214
1
279
1
879
1
631
879
1913
385
342
1680
1
742
1
1
14
226
219
1
937
1802
695
174
909
1
1301
421
653
730
879
42
1
527
438
1009
520
802
153
454
1703
1127
898
883
497
1197
572
1
879
1734
1
634
836
1
1447
1228
339
1947
121
1
1
204
1549
1992
802
1310
1073
1156
1
1
600
1655
196
1892
919
697
1332
635
1534
879
879
641
1299
1
1
239
1134
718
879
1936
1375
282
680
56
1128
1815
1821
847
1
802
1
1243
977
1154
879
1078
147
879
1736
879
1145
1547
256
1
429
1518
1257
284
1013
167
1558
664
928
955
218
1509
1626
303
1613
1006
701
77
1
239
1
161
1
2000
740
1372
1571
1642
761
1017
879
990
1952
1845
1312
1485
754
209
445
1
566
688
819
1403
803
879
1086
879
1981
1379
1428
270
879
1708
1
680
879
879
1
406
1
879
402
710
1362
1909
116
332
879
141
857
1
1
1236
1220
1328
879
425
1
1782
1827
87
523
591
168
1972
1376
1068
1328
879
605
879
198
879
1198
1
642
486
879
455
1650
879
1315
879
1096
1347
696
461
1
1260
1835
1229
1133
879
1
879
159
879
890
64
1
428
421
659
1618
34
1366
8
756
3
747
1624
324
879
1008
1045
879
1506
1866
1005
879
1332
941
42
1398
850
319
1
1160
1218
231
1
1
1396
1
1
1116
1
1311
1116
879
1
439
498
1359
21
1709
879
906
1
1
1195
991
607
82
1
1709
1266
1267
1414
1547
1999
1040
1
1
1
1757
1462
1387
211
1476
583
1
1
522
879
1497
1281
622
1
1187
1
1
1916
833
639
931
1604
385
517
1934
308
463
413
1
418
1369
1833
1929
879
1084
529
27
1
661
448
1552
469
1
518
1350
878
602
899
788
483
1
1
879
258
879
1023
999
1867
1107
879
273
479
879
797
1647
1627
290
1886
1790
894
1044
331
1555
1417
816
879
1326
1935
1027
1934
1109
633
956
371
1319
252
387
818
1702
1
91
1904
1685
1
879
638
1
1452
37
522
1763
1797
879
455
1278
773
1
1792
1889
1
1721
879
1
1209
111
954
1930
615
335
975
563
357
533
926
879
1498
759
1410
734
1739
569
1382
755
1350
970
225
1
191
1677
301
879
1690
1152
944
38
879
1035
808
943
238
647
999
862
1484
547
509
824
135
1212
953
744
879
137
879
1052
1517
695
1519
1391
1487
1855
1
1997
518
446
879
1600
860
242
1138
208
202
879
1226
1457
851
1111
879
3
437
1653
1550
63
1725
1831
879
1957
1368
1051
938
395
1997
1
419
879
341
1301
167
879
394
430
1990
1164
1970
1
1559
1870
633
1211
31
574
1
1
1036
1
987
752
746
576
345
231
879
665
879
810
683
1929
1106
1549
59
879
611
1268
1337
879
15
697
1
804
443
329
879
1456
241
1707
879
879
1
1
1
986
879
561
1610
532
879
1816
490
90
1585
879
1662
907
895
659
1
1282
879
389
205
1849
1353
172
584
589
1552
1
946
370
965
1681
1
809
1302
391
166
654
1
1737
879
1944
879
790
1
1
186
516
14
368
1049
879
1927
879
396
691
1889
867
504
879
1379
91
904
879
1733
1628
1031
1362
1
75
1599
137
660
51
528
716
676
879
879
1384
1533
879
1
1566
89
1930
1132
879
828
1600
879
879
879
1284
513
1560
228
71
1605
1674
1390
879
353
191
1980
1
1519
22
1473
879
1879
942
1312
1097
623
1
753
881
1723
1134
1420
1
1
1550
284
146
1
314
1807
1323
879
1248
1
728
233
1
846
1579
1
879
639
1729
40
252
435
1137
1659
223
1178
736
879
1381
485
182
1326
549
879
1436
879
879
1649
858
1580
760
833
1761
879
879
712
132
1783
879
1900
1592
1531
1944
1
1
1
649
994
1624
1261
879
986
879
1981
1141
879
638
1712
199
1
837
1937
1
158
494
801
1
323
879
184
1480
1452
361
879
172
1796
960
879
796
1823
1105
115
621
104
1491
1
1220
196
124
879
1587
1
1273
1354
1750
672
1311
1855
1250
122
587
1260
907
739
160
1075
568
1457
959
118
1944
580
862
1734
879
709
261
508
879
618
1964
1709
1295
879
1834
863
1
183
849
879
1237
466
1427
1
1763
526
879
1
220
1648
879
1691
1555
1450
1340
22
879
362
1
1739
768
1126
626
1
15
166
655
34
1725
563
1403
879
1429
124
282
1
879
856
1320
56
282
879
1958
1
879
659
384
1415
1697
1237
767
822
879
879
697
742
1
879
836
879
310
675
620
848
1656
60
1
874
879
1718
1787
879
147
1542
879
879
74
942
879
1038
1562
1
901
1
1
409
879
738
943
1395
879
1164
463
1351
1
1894
1
1538
1039
545
429
1259
1681
167
910
878
457
383
1
1
230
306
1896
1414
1811
1
879
899
879
1995
739
879
1663
726
1572
577
879
1501
822
275
1046
1
1
1630
1401
1
879
1267
711
1
1
1014
1
372
78
407
26
1
1021
26
879
868
879
1587
805
1517
976
1973
1339
1295
70
1
405
436
1715
879
1498
348
302
580
859
75
274
1613
581
28
573
1921
1597
235
908
754
90
143
548
384
160
177
1
755
1817
731
1637
148
833
1393
667
1604
1233
1244
1967
1
1038
879
334
1153
379
1676
879
1365
1872
1750
863
1553
1727
1359
975
1300
241
1853
879
1240
1602
879
1
1
366
186
217
1158
795
219
19
1
1640
1814
1
603
879
84
879
810
1582
381
926
1
1310
1621
1484
1871
1560
871
879
1
66
1387
993
1922
879
1
10
1445
1
1304
808
1607
879
209
526
1948
879
627
749
412
1991
1303
879
1
879
1624
1830
950
879
879
1
1713
321
1193
1
1
68
862
939
1713
401
412
879
1390
494
75
1435
1861
786
1087
456
307
34
158
1648
655
1024
879
496
1775
1072
1230
1978
1549
1
1655
1083
1566
1627
1599
1079
1
1738
1
720
1517
1212
1091
1549
1419
291
1
879
1975
1268
1822
1062
1204
1971
1459
879
1
1352
1757
1421
1031
168
1297
366
569
391
1871
332
41
1933
743
895
968
1
879
144
1
1332
959
1210
801
1067
1999
1
1627
1
1156
928
1225
1
1
974
679
1575
259
879
192
788
1373
779
448
94
708
1508
1
97
874
1263
1836
1545
1457
212
1
692
879
879
1
1567
879
749
1
1324
464
382
1
776
1
349
1709
466
288
1
1281
1
1229
1
1298
1666
879
1229
1663
1077
1490
1265
879
1982
930
1928
1466
1233
879
1802
1
876
879
948
924
1014
1007
1603
559
83
1493
744
563
1201
683
1210
1923
867
261
169
1588
1720
1
1
879
879
150
193
1926
1447
1317
304
879
854
1
1854
1243
1162
185
853
493
1309
1
551
346
330
1002
441
333
739
452
121
1523
495
1980
1842
437
964
386
1980
1947
467
1
24
523
1143
879
156
415
1
743
508
1545
389
586
879
748
879
1259
433
1119
74
1977
1090
1493
1406
255
99
1
645
879
1828
417
545
1608
879
490
1392
367
879
797
1
1829
568
87
445
1
76
612
879
879
58
507
84
1885
314
879
376
921
995
662
1212
27
1969
685
1450
846
1662
215
1240
7
1914
1604
414
1
1185
579
76
1
199
1
613
21
1693
330
681
195
1326
1
1706
994
319
1
777
340
1507
295
879
410
288
