999685593
999878366
999647778
999949852
999674982
999845372
999681940
999356225
999833539
999938556
999904048
999822155
999866886
999636696
999653624
999764605
999960331
999903621
999745685
999976267
999611591
999746159
999855479
999731285
999923180
999563327
999892747
999640323
999969900
999921061
999984295
999846664
999845779
999830033
999892685
999712901
999591623
999753245
999829541
999734851
999749253
999852241
999873013
999818040
999738462
999797556
999974921
999922819
999589643
999903835
999816207
999847183
999894702
999902678
999879871
999844674
999986249
999866257
999704114
999830475
999645909
999595029
999953478
999891797
999903718
999488789
999950192
999805010
999776290
999863789
999738568
999991435
999901014
999702016
999873650
999798863
999777276
999883556
999773883
999942575
999618074
999885039
999918388
999830809
999834002
999791432
999944493
999887411
999632032
999712611
999753436
999752355
999859279
999707130
999818771
999562247
999715176
999604769
999620729
999708191
