3322828082468
3390636541098
3337613341348
3324882435391
3377575545335
3290449050627
3288869458523
3322373235649
3344250433441
3380152794953
3343046431101
3342327711601
3296177720696
3317161573512
3290345551650
3328288871500
3349949719371
3361330016303
3315040920106
3341718474965
3323587660371
3375662604638
3354140012845
3334887238964
3359012660289
3311917827618
3334995571701
3308458456516
3286982764482
3353404621397
3333115685256
3307883770506
3306415184264
3286664947118
3333665930746
3316602409602
3348817114774
3363653432811
3314683400824
3311713041503
3356756897798
3338777163076
3310197691728
3347472938986
3323906480653
3289948716087
3334793136693
3315890633859
3325087220381
3309643278591
3371796045313
3284250901469
3353674410853
3357604222030
3290960763369
3339483029182
3288648966854
3356880743905
3334274922229
3347278206888
3302151299432
3320379298349
3307320663864
3337730575033
3321842481298
3349421185172
3317082795753
3293015920088
3296044363805
3334281149981
3346549098955
3331635994560
3324201430130
3348594663467
3301055249857
3293904261641
3259767277668
3307684715271
3365255309987
3316946693587
3363987447246
3297541997089
3355156076395
3347331638593
3309157398269
3379030925727
3334914301503
3311812345084
3306640117574
3330193714931
3338938448464
3322397213825
3314695866456
3374669304505
3366087553193
3304890651016
3338559180303
3330882118740
3337228528989
3318695983939
